{"timestamp": "2026-08-05T21:55:43+0530", "level": "INFO", "logger": "cropfusion.training.experiment", "message": "orchestration_start", "repo_root": "D:\\CropPrep", "python": "3.12.9", "gpu": false}
{"timestamp": "2026-08-05T21:55:44+0530", "level": "INFO", "logger": "cropfusion.training.experiment", "message": "orchestration_complete", "passed": false, "severity_summary": {"info": 6, "error": 1, "warning": 1}}
{"timestamp": "2026-08-08T17:40:20+0530", "level": "INFO", "logger": "cropfusion.training.experiment", "message": "orchestration_start", "repo_root": "D:\\CropPrep", "python": "3.12.9", "gpu": false}
{"timestamp": "2026-08-08T17:40:25+0530", "level": "INFO", "logger": "cropfusion.training.experiment", "message": "orchestration_complete", "passed": false, "severity_summary": {"info": 6, "error": 1, "warning": 1}}
{"timestamp": "2026-08-08T17:45:23+0530", "level": "INFO", "logger": "cropfusion.training.experiment", "message": "orchestration_start", "repo_root": "D:\\CropPrep", "python": "3.12.9", "gpu": false}
{"timestamp": "2026-08-08T17:45:26+0530", "level": "INFO", "logger": "cropfusion.training.experiment", "message": "orchestration_complete", "passed": false, "severity_summary": {"info": 6, "error": 1, "warning": 1}}
{"timestamp": "2026-08-08T17:47:06+0530", "level": "INFO", "logger": "cropfusion.training.experiment", "message": "orchestration_start", "repo_root": "D:\\CropPrep", "python": "3.12.9", "gpu": false}
{"timestamp": "2026-08-08T17:47:09+0530", "level": "INFO", "logger": "cropfusion.training.experiment", "message": "orchestration_complete", "passed": false, "severity_summary": {"info": 6, "error": 1, "warning": 1}}
{"timestamp": "2026-08-08T17:53:12+0530", "level": "INFO", "logger": "cropfusion.training.experiment", "message": "pipeline_start", "repo_root": "D:\\CropPrep", "gpu": false}
{"timestamp": "2026-08-08T17:53:13+0530", "level": "INFO", "logger": "cropfusion.training.experiment", "message": "corpus_resolved", "total": 0, "accepted": 0, "rejected": 0, "error": 0}
{"timestamp": "2026-08-08T17:53:13+0530", "level": "INFO", "logger": "cropfusion.training.experiment", "message": "pipeline_complete", "passed": false, "severity_summary": {"info": 6, "error": 1, "warning": 1}}
{"timestamp": "2026-08-08T17:53:43+0530", "level": "INFO", "logger": "cropfusion.training.experiment", "message": "pipeline_start", "repo_root": "D:\\CropPrep", "gpu": false}
{"timestamp": "2026-08-08T17:53:44+0530", "level": "INFO", "logger": "cropfusion.training.experiment", "message": "corpus_resolved", "total": 0, "accepted": 0, "rejected": 0, "error": 0}
{"timestamp": "2026-08-08T17:53:44+0530", "level": "INFO", "logger": "cropfusion.training.experiment", "message": "pipeline_complete", "passed": false, "severity_summary": {"info": 6, "error": 1, "warning": 1}}
{"timestamp": "2026-08-08T17:54:01+0530", "level": "INFO", "logger": "cropfusion.training.experiment", "message": "pipeline_start", "repo_root": "D:\\CropPrep", "gpu": false}
{"timestamp": "2026-08-08T17:54:02+0530", "level": "INFO", "logger": "cropfusion.training.experiment", "message": "corpus_resolved", "total": 0, "accepted": 0, "rejected": 0, "error": 0}
{"timestamp": "2026-08-08T17:54:02+0530", "level": "INFO", "logger": "cropfusion.training.experiment", "message": "pipeline_complete", "passed": false, "severity_summary": {"info": 6, "error": 1, "warning": 1}}
{"timestamp": "2026-08-08T18:03:02+0530", "level": "INFO", "logger": "cropfusion.training.experiment", "message": "pipeline_start", "repo_root": "D:\\CropPrep", "gpu": false}
{"timestamp": "2026-08-08T18:03:04+0530", "level": "INFO", "logger": "cropfusion.training.experiment", "message": "corpus_resolved", "total": 0, "accepted": 0, "rejected": 0, "error": 0}
{"timestamp": "2026-08-08T18:03:04+0530", "level": "INFO", "logger": "cropfusion.training.experiment", "message": "pipeline_complete", "passed": false, "severity_summary": {"info": 6, "error": 1, "warning": 1}}
